OK
OK
IGNORED
OK
IGNORED
delikatne przeziębienie...
OK
OK
OK
OK
IGNORED
przeziębienie z powikłaniami !
