647139825
852476319
391825746
729514683
183697452
465382971
978253164
514968237
236741598
